
> cre-financial-suite@0.0.0 build
> vite build

[36mvite v6.4.1 [32mbuilding for production...[36m[39m
transforming...
[32mΓ£ô[39m 2200 modules transformed.
node.exe : [31mΓ£ù[39m 
Build failed in 2.98s
At line:1 char:1
+ & "C:\Program 
Files\nodejs/node.exe" 
"C:\Program 
Files\nodejs/node_mo ...
+ ~~~~~~~~~~~~~~~~~~~~~~~~
~~~~~~~~~~~~~~~~~~~~~~~~~~
~~~~~~~~~~~~~~~~~~~
    + CategoryInfo        
      : NotSpecified: (  
  [31mΓ£ù[39m Build fa   
 iled in 2.98s:String)    
 [], RemoteException
    + FullyQualifiedError 
   Id : NativeCommandErr  
  or
 
[31merror during build:
[31m[vite:load-fallback] 
Could not load C:\Users\te
jas\Downloads\cre-financia
l-suite-main (3)\cre-finan
cial-suite-main\src/lib/su
pabaseClient (imported by 
src/pages/UserManagement.j
sx): ENOENT: no such file 
or directory, open 'C:\Use
rs\tejas\Downloads\cre-fin
ancial-suite-main (3)\cre-
financial-suite-main\src\l
ib\supabaseClient'[31m
    at async open (node:in
ternal/fs/promises:637:25)
    at async 
Object.readFile (node:inte
rnal/fs/promises:1269:14)
    at async 
Object.handler (file:///C:
/Users/tejas/Downloads/cre
-financial-suite-main%20(3
)/cre-financial-suite-main
/node_modules/vite/dist/no
de/chunks/dep-D4NMHUTW.js:
45872:27)
    at async PluginDriver.
hookFirstAndGetPlugin (fil
e:///C:/Users/tejas/Downlo
ads/cre-financial-suite-ma
in%20(3)/cre-financial-sui
te-main/node_modules/rollu
p/dist/es/shared/node-entr
y.js:22430:28)
    at async file:///C:/Us
ers/tejas/Downloads/cre-fi
nancial-suite-main%20(3)/c
re-financial-suite-main/no
de_modules/rollup/dist/es/
shared/node-entry.js:21422
:33
    at async Queue.work (f
ile:///C:/Users/tejas/Down
loads/cre-financial-suite-
main%20(3)/cre-financial-s
uite-main/node_modules/rol
lup/dist/es/shared/node-en
try.js:22658:32)[39m
