﻿
> cre-financial-suite@0.0.0 build
> vite build

[36mvite v6.4.1 [32mbuilding for production...[36m[39m
transforming...
[32mΓ£ô[39m 3442 modules transformed.
rendering chunks...
node.exe : [33m[plugin 
vite:reporter] 
At line:1 char:1
+ & "C:\Program 
Files\nodejs/node.exe" 
"C:\Program 
Files\nodejs/node_mo ...
+ ~~~~~~~~~~~~~~~~~~~~~~~~
~~~~~~~~~~~~~~~~~~~~~~~~~~
~~~~~~~~~~~~~~~~~~~
    + CategoryInfo        
      : NotSpecifi    ed: 
([33m[plugin     
vite:reporter] :St    
ring) [], RemoteEx    
ception
    + FullyQualifiedEr    
rorId : NativeComm    
andError
 
(!) C:/Users/tejas/Downloa
ds/cre-financial-suite-mai
n (3)/cre-financial-suite-
main/src/services/supabase
Client.js is dynamically 
imported by C:/Users/tejas
/Downloads/cre-financial-s
uite-main (3)/cre-financia
l-suite-main/src/component
s/landing/ContactSection.j
sx, C:/Users/tejas/Downloa
ds/cre-financial-suite-mai
n (3)/cre-financial-suite-
main/src/pages/Onboarding.
jsx but also statically 
imported by C:/Users/tejas
/Downloads/cre-financial-s
uite-main (3)/cre-financia
l-suite-main/src/App.jsx, 
C:/Users/tejas/Downloads/c
re-financial-suite-main (3
)/cre-financial-suite-main
/src/components/DevModeBan
ner.jsx, C:/Users/tejas/Do
wnloads/cre-financial-suit
e-main (3)/cre-financial-s
uite-main/src/components/M
FAGuard.jsx, C:/Users/teja
s/Downloads/cre-financial-
suite-main (3)/cre-financi
al-suite-main/src/componen
ts/userManagement/CsvImpor
t.jsx, C:/Users/tejas/Down
loads/cre-financial-suite-
main (3)/cre-financial-sui
te-main/src/pages/ContactU
s.jsx, C:/Users/tejas/Down
loads/cre-financial-suite-
main (3)/cre-financial-sui
te-main/src/pages/DemoExpe
rience.jsx, C:/Users/tejas
/Downloads/cre-financial-s
uite-main (3)/cre-financia
l-suite-main/src/pages/Log
in.jsx, C:/Users/tejas/Dow
nloads/cre-financial-suite
-main (3)/cre-financial-su
ite-main/src/pages/Onboard
ing.jsx, C:/Users/tejas/Do
wnloads/cre-financial-suit
e-main (3)/cre-financial-s
uite-main/src/pages/OrgSet
tings.jsx, C:/Users/tejas/
Downloads/cre-financial-su
ite-main (3)/cre-financial
-suite-main/src/pages/Requ
estAccess.jsx, C:/Users/te
jas/Downloads/cre-financia
l-suite-main (3)/cre-finan
cial-suite-main/src/pages/
RequestDemo.jsx, C:/Users/
tejas/Downloads/cre-financ
ial-suite-main (3)/cre-fin
ancial-suite-main/src/page
s/SuperAdmin.jsx, C:/Users
/tejas/Downloads/cre-finan
cial-suite-main (3)/cre-fi
nancial-suite-main/src/pag
es/UserManagement.jsx, C:/
Users/tejas/Downloads/cre-
financial-suite-main (3)/c
re-financial-suite-main/sr
c/pages/Welcome.jsx, C:/Us
ers/tejas/Downloads/cre-fi
nancial-suite-main (3)/cre
-financial-suite-main/src/
services/api.js, C:/Users/
tejas/Downloads/cre-financ
ial-suite-main (3)/cre-fin
ancial-suite-main/src/serv
ices/audit.js, C:/Users/te
jas/Downloads/cre-financia
l-suite-main (3)/cre-finan
cial-suite-main/src/servic
es/auth.js, C:/Users/tejas
/Downloads/cre-financial-s
uite-main (3)/cre-financia
l-suite-main/src/services/
integrations.js, dynamic 
import will not move 
module into another chunk.
[39m
[33m[plugin 
vite:reporter] 
(!) C:/Users/tejas/Downloa
ds/cre-financial-suite-mai
n (3)/cre-financial-suite-
main/src/services/api.js 
is dynamically imported 
by C:/Users/tejas/Download
s/cre-financial-suite-main
 (3)/cre-financial-suite-m
ain/src/services/auth.js 
but also statically 
imported by C:/Users/tejas
/Downloads/cre-financial-s
uite-main (3)/cre-financia
l-suite-main/src/component
s/dashboard/ActivityFeed.j
sx, C:/Users/tejas/Downloa
ds/cre-financial-suite-mai
n (3)/cre-financial-suite-
main/src/components/proper
ty/PropertyCAMTab.jsx, C:/
Users/tejas/Downloads/cre-
financial-suite-main (3)/c
re-financial-suite-main/sr
c/hooks/useOrgId.js, C:/Us
ers/tejas/Downloads/cre-fi
nancial-suite-main (3)/cre
-financial-suite-main/src/
hooks/useOrgQuery.js, C:/U
sers/tejas/Downloads/cre-f
inancial-suite-main (3)/cr
e-financial-suite-main/src
/lib/ModuleAccessContext.j
sx, C:/Users/tejas/Downloa
ds/cre-financial-suite-mai
n (3)/cre-financial-suite-
main/src/pages/Analytics.j
sx, C:/Users/tejas/Downloa
ds/cre-financial-suite-mai
n (3)/cre-financial-suite-
main/src/pages/AnalyticsRe
ports.jsx, C:/Users/tejas/
Downloads/cre-financial-su
ite-main (3)/cre-financial
-suite-main/src/pages/Audi
tLog.jsx, C:/Users/tejas/D
ownloads/cre-financial-sui
te-main (3)/cre-financial-
suite-main/src/pages/Billi
ng.jsx, C:/Users/tejas/Dow
nloads/cre-financial-suite
-main (3)/cre-financial-su
ite-main/src/pages/Buildin
gsUnits.jsx, C:/Users/teja
s/Downloads/cre-financial-
suite-main (3)/cre-financi
al-suite-main/src/pages/CA
MCalculation.jsx, C:/Users
/tejas/Downloads/cre-finan
cial-suite-main (3)/cre-fi
nancial-suite-main/src/pag
es/CAMDashboard.jsx, C:/Us
ers/tejas/Downloads/cre-fi
nancial-suite-main (3)/cre
-financial-suite-main/src/
pages/ChartOfAccounts.jsx,
 C:/Users/tejas/Downloads/
cre-financial-suite-main (
3)/cre-financial-suite-mai
n/src/pages/Comparison.jsx
, C:/Users/tejas/Downloads
/cre-financial-suite-main 
(3)/cre-financial-suite-ma
in/src/pages/CreateBudget.
jsx, C:/Users/tejas/Downlo
ads/cre-financial-suite-ma
in (3)/cre-financial-suite
-main/src/pages/DemoExperi
ence.jsx, C:/Users/tejas/D
ownloads/cre-financial-sui
te-main (3)/cre-financial-
suite-main/src/pages/Login
.jsx, C:/Users/tejas/Downl
oads/cre-financial-suite-m
ain (3)/cre-financial-suit
e-main/src/pages/Onboardin
g.jsx, C:/Users/tejas/Down
loads/cre-financial-suite-
main (3)/cre-financial-sui
te-main/src/pages/OrgSetti
ngs.jsx, C:/Users/tejas/Do
wnloads/cre-financial-suit
e-main (3)/cre-financial-s
uite-main/src/pages/Pendin
gApproval.jsx, C:/Users/te
jas/Downloads/cre-financia
l-suite-main (3)/cre-finan
cial-suite-main/src/pages/
PortfolioInsights.jsx, C:/
Users/tejas/Downloads/cre-
financial-suite-main (3)/c
re-financial-suite-main/sr
c/pages/Portfolios.jsx, C:
/Users/tejas/Downloads/cre
-financial-suite-main (3)/
cre-financial-suite-main/s
rc/pages/PropertyDetail.js
x, C:/Users/tejas/Download
s/cre-financial-suite-main
 (3)/cre-financial-suite-m
ain/src/pages/Reconciliati
on.jsx, C:/Users/tejas/Dow
nloads/cre-financial-suite
-main (3)/cre-financial-su
ite-main/src/pages/Revenue
.jsx, C:/Users/tejas/Downl
oads/cre-financial-suite-m
ain (3)/cre-financial-suit
e-main/src/pages/SecurityQ
uestionsSetup.jsx, C:/User
s/tejas/Downloads/cre-fina
ncial-suite-main (3)/cre-f
inancial-suite-main/src/pa
ges/Stakeholders.jsx, C:/U
sers/tejas/Downloads/cre-f
inancial-suite-main (3)/cr
e-financial-suite-main/src
/pages/SuperAdmin.jsx, C:/
Users/tejas/Downloads/cre-
financial-suite-main (3)/c
re-financial-suite-main/sr
c/pages/TenantDetail.jsx, 
C:/Users/tejas/Downloads/c
re-financial-suite-main (3
)/cre-financial-suite-main
/src/pages/Workflows.jsx, 
C:/Users/tejas/Downloads/c
re-financial-suite-main (3
)/cre-financial-suite-main
/src/services/budgetServic
e.js, C:/Users/tejas/Downl
oads/cre-financial-suite-m
ain (3)/cre-financial-suit
e-main/src/services/docume
ntService.js, C:/Users/tej
as/Downloads/cre-financial
-suite-main (3)/cre-financ
ial-suite-main/src/service
s/expenseService.js, C:/Us
ers/tejas/Downloads/cre-fi
nancial-suite-main (3)/cre
-financial-suite-main/src/
services/leaseService.js, 
C:/Users/tejas/Downloads/c
re-financial-suite-main (3
)/cre-financial-suite-main
/src/services/notification
Service.js, C:/Users/tejas
/Downloads/cre-financial-s
uite-main (3)/cre-financia
l-suite-main/src/services/
propertyService.js, C:/Use
rs/tejas/Downloads/cre-fin
ancial-suite-main (3)/cre-
financial-suite-main/src/s
ervices/tenantService.js, 
C:/Users/tejas/Downloads/c
re-financial-suite-main (3
)/cre-financial-suite-main
/src/services/vendorServic
e.js, dynamic import will 
not move module into 
another chunk.
[39m
[33m[plugin 
vite:reporter] 
(!) C:/Users/tejas/Downloa
ds/cre-financial-suite-mai
n (3)/cre-financial-suite-
main/src/services/integrat
ions.js is dynamically 
imported by C:/Users/tejas
/Downloads/cre-financial-s
uite-main (3)/cre-financia
l-suite-main/src/component
s/landing/ContactSection.j
sx but also statically 
imported by C:/Users/tejas
/Downloads/cre-financial-s
uite-main (3)/cre-financia
l-suite-main/src/pages/Add
Expense.jsx, C:/Users/teja
s/Downloads/cre-financial-
suite-main (3)/cre-financi
al-suite-main/src/pages/Bu
lkImport.jsx, C:/Users/tej
as/Downloads/cre-financial
-suite-main (3)/cre-financ
ial-suite-main/src/pages/C
ontactUs.jsx, C:/Users/tej
as/Downloads/cre-financial
-suite-main (3)/cre-financ
ial-suite-main/src/pages/C
reateBudget.jsx, C:/Users/
tejas/Downloads/cre-financ
ial-suite-main (3)/cre-fin
ancial-suite-main/src/page
s/DemoExperience.jsx, C:/U
sers/tejas/Downloads/cre-f
inancial-suite-main (3)/cr
e-financial-suite-main/src
/pages/Documents.jsx, C:/U
sers/tejas/Downloads/cre-f
inancial-suite-main (3)/cr
e-financial-suite-main/src
/pages/Integrations.jsx, C
:/Users/tejas/Downloads/cr
e-financial-suite-main (3)
/cre-financial-suite-main/
src/pages/LeaseUpload.jsx,
 C:/Users/tejas/Downloads/
cre-financial-suite-main (
3)/cre-financial-suite-mai
n/src/pages/Properties.jsx
, C:/Users/tejas/Downloads
/cre-financial-suite-main 
(3)/cre-financial-suite-ma
in/src/pages/RequestAccess
.jsx, C:/Users/tejas/Downl
oads/cre-financial-suite-m
ain (3)/cre-financial-suit
e-main/src/pages/RequestDe
mo.jsx, C:/Users/tejas/Dow
nloads/cre-financial-suite
-main (3)/cre-financial-su
ite-main/src/pages/VendorP
rofile.jsx, dynamic 
import will not move 
module into another chunk.
[39m
[33m[plugin 
vite:reporter] 
(!) C:/Users/tejas/Downloa
ds/cre-financial-suite-mai
n (3)/cre-financial-suite-
main/src/services/auth.js 
is dynamically imported 
by C:/Users/tejas/Download
s/cre-financial-suite-main
 (3)/cre-financial-suite-m
ain/src/services/api.js 
but also statically 
imported by C:/Users/tejas
/Downloads/cre-financial-s
uite-main (3)/cre-financia
l-suite-main/src/Layout.js
x, C:/Users/tejas/Download
s/cre-financial-suite-main
 (3)/cre-financial-suite-m
ain/src/lib/AuthContext.js
x, C:/Users/tejas/Download
s/cre-financial-suite-main
 (3)/cre-financial-suite-m
ain/src/lib/PageNotFound.j
sx, C:/Users/tejas/Downloa
ds/cre-financial-suite-mai
n (3)/cre-financial-suite-
main/src/pages/Onboarding.
jsx, C:/Users/tejas/Downlo
ads/cre-financial-suite-ma
in (3)/cre-financial-suite
-main/src/pages/PendingApp
roval.jsx, C:/Users/tejas/
Downloads/cre-financial-su
ite-main (3)/cre-financial
-suite-main/src/pages/Pric
ing.jsx, C:/Users/tejas/Do
wnloads/cre-financial-suit
e-main (3)/cre-financial-s
uite-main/src/pages/Welcom
e.jsx, C:/Users/tejas/Down
loads/cre-financial-suite-
main (3)/cre-financial-sui
te-main/src/pages/WelcomeA
board.jsx, dynamic import 
will not move module into 
another chunk.
[39m
[33m[plugin 
vite:reporter] 
(!) C:/Users/tejas/Downloa
ds/cre-financial-suite-mai
n (3)/cre-financial-suite-
main/node_modules/sonner/d
ist/index.mjs is 
dynamically imported by C:
/Users/tejas/Downloads/cre
-financial-suite-main (3)/
cre-financial-suite-main/s
rc/pages/Onboarding.jsx, C
:/Users/tejas/Downloads/cr
e-financial-suite-main (3)
/cre-financial-suite-main/
src/pages/Onboarding.jsx, 
C:/Users/tejas/Downloads/c
re-financial-suite-main (3
)/cre-financial-suite-main
/src/pages/Onboarding.jsx,
 C:/Users/tejas/Downloads/
cre-financial-suite-main (
3)/cre-financial-suite-mai
n/src/pages/Onboarding.jsx
, C:/Users/tejas/Downloads
/cre-financial-suite-main 
(3)/cre-financial-suite-ma
in/src/pages/SuperAdmin.js
x, C:/Users/tejas/Download
s/cre-financial-suite-main
 (3)/cre-financial-suite-m
ain/src/pages/SuperAdmin.j
sx, C:/Users/tejas/Downloa
ds/cre-financial-suite-mai
n (3)/cre-financial-suite-
main/src/pages/SuperAdmin.
jsx, C:/Users/tejas/Downlo
ads/cre-financial-suite-ma
in (3)/cre-financial-suite
-main/src/pages/SuperAdmin
.jsx, C:/Users/tejas/Downl
oads/cre-financial-suite-m
ain (3)/cre-financial-suit
e-main/src/pages/SuperAdmi
n.jsx, C:/Users/tejas/Down
loads/cre-financial-suite-
main (3)/cre-financial-sui
te-main/src/pages/SuperAdm
in.jsx, C:/Users/tejas/Dow
nloads/cre-financial-suite
-main (3)/cre-financial-su
ite-main/src/pages/SuperAd
min.jsx, C:/Users/tejas/Do
wnloads/cre-financial-suit
e-main (3)/cre-financial-s
uite-main/src/pages/SuperA
dmin.jsx, C:/Users/tejas/D
ownloads/cre-financial-sui
te-main (3)/cre-financial-
suite-main/src/pages/Super
Admin.jsx, C:/Users/tejas/
Downloads/cre-financial-su
ite-main (3)/cre-financial
-suite-main/src/pages/Supe
rAdmin.jsx, C:/Users/tejas
/Downloads/cre-financial-s
uite-main (3)/cre-financia
l-suite-main/src/pages/Sup
erAdmin.jsx, C:/Users/teja
s/Downloads/cre-financial-
suite-main (3)/cre-financi
al-suite-main/src/pages/Su
perAdmin.jsx, C:/Users/tej
as/Downloads/cre-financial
-suite-main (3)/cre-financ
ial-suite-main/src/pages/S
uperAdmin.jsx, C:/Users/te
jas/Downloads/cre-financia
l-suite-main (3)/cre-finan
cial-suite-main/src/pages/
SuperAdmin.jsx but also 
statically imported by C:/
Users/tejas/Downloads/cre-
financial-suite-main (3)/c
re-financial-suite-main/sr
c/components/userManagemen
t/CsvImport.jsx, C:/Users/
tejas/Downloads/cre-financ
ial-suite-main (3)/cre-fin
ancial-suite-main/src/page
s/OrgSettings.jsx, C:/User
s/tejas/Downloads/cre-fina
ncial-suite-main (3)/cre-f
inancial-suite-main/src/pa
ges/UserManagement.jsx, 
dynamic import will not 
move module into another 
chunk.
[39m
computing gzip size...
[2mdist/[22m[32mindex.html                          [39m[1m[2m    0.73 kB[22m[1m[22m[2m Γöé gzip:   0.41 kB[22m
[2mdist/[22m[35massets/index-CPUN7Ugr.css           [39m[1m[2m  123.41 kB[22m[1m[22m[2m Γöé gzip:  19.30 kB[22m
[2mdist/[22m[36massets/purify.es-B9ZVCkUG.js        [39m[1m[2m   22.64 kB[22m[1m[22m[2m Γöé gzip:   8.75 kB[22m
[2mdist/[22m[36massets/index.es-BIqiyxKE.js         [39m[1m[2m  159.42 kB[22m[1m[22m[2m Γöé gzip:  53.45 kB[22m
[2mdist/[22m[36massets/html2canvas.esm-QH1iLAAe.js  [39m[1m[2m  202.38 kB[22m[1m[22m[2m Γöé gzip:  48.04 kB[22m
[2mdist/[22m[36massets/jspdf.es.min-nhHVz8Gw.js     [39m[1m[2m  390.46 kB[22m[1m[22m[2m Γöé gzip: 128.61 kB[22m
[2mdist/[22m[36massets/index-D_sfWDo2.js            [39m[1m[33m2,050.41 kB[39m[22m[2m Γöé gzip: 539.41 kB[22m
[33m
(!) Some chunks are 
larger than 500 kB after 
minification. Consider:
- Using dynamic import() 
to code-split the 
application
- Use build.rollupOptions.
output.manualChunks to 
improve chunking: https://
rollupjs.org/configuration
-options/#output-manualchu
nks
- Adjust chunk size limit 
for this warning via build
.chunkSizeWarningLimit.[3
9m
[32mΓ£ô built in 6.92s[39m
